Archive member included to satisfy reference by file (symbol)

c:/st/stm32cubeide_1.8.0/stm32cubeide/plugins/com.st.stm32cube.ide.mcu.externaltools.gnu-tools-for-stm32.9-2020-q2-update.win32_2.0.0.202105311346/tools/bin/../lib/gcc/arm-none-eabi/9.3.1/../../../../arm-none-eabi/lib/thumb/v7e-m+fp/hard\libc_nano.a(lib_a-errno.o)
                              ./Core/Src/syscalls.o (__errno)
c:/st/stm32cubeide_1.8.0/stm32cubeide/plugins/com.st.stm32cube.ide.mcu.externaltools.gnu-tools-for-stm32.9-2020-q2-update.win32_2.0.0.202105311346/tools/bin/../lib/gcc/arm-none-eabi/9.3.1/../../../../arm-none-eabi/lib/thumb/v7e-m+fp/hard\libc_nano.a(lib_a-exit.o)
                              c:/st/stm32cubeide_1.8.0/stm32cubeide/plugins/com.st.stm32cube.ide.mcu.externaltools.gnu-tools-for-stm32.9-2020-q2-update.win32_2.0.0.202105311346/tools/bin/../lib/gcc/arm-none-eabi/9.3.1/../../../../arm-none-eabi/lib/thumb/v7e-m+fp/hard/crt0.o (exit)
c:/st/stm32cubeide_1.8.0/stm32cubeide/plugins/com.st.stm32cube.ide.mcu.externaltools.gnu-tools-for-stm32.9-2020-q2-update.win32_2.0.0.202105311346/tools/bin/../lib/gcc/arm-none-eabi/9.3.1/../../../../arm-none-eabi/lib/thumb/v7e-m+fp/hard\libc_nano.a(lib_a-impure.o)
                              c:/st/stm32cubeide_1.8.0/stm32cubeide/plugins/com.st.stm32cube.ide.mcu.externaltools.gnu-tools-for-stm32.9-2020-q2-update.win32_2.0.0.202105311346/tools/bin/../lib/gcc/arm-none-eabi/9.3.1/../../../../arm-none-eabi/lib/thumb/v7e-m+fp/hard\libc_nano.a(lib_a-exit.o) (_global_impure_ptr)
c:/st/stm32cubeide_1.8.0/stm32cubeide/plugins/com.st.stm32cube.ide.mcu.externaltools.gnu-tools-for-stm32.9-2020-q2-update.win32_2.0.0.202105311346/tools/bin/../lib/gcc/arm-none-eabi/9.3.1/../../../../arm-none-eabi/lib/thumb/v7e-m+fp/hard\libc_nano.a(lib_a-init.o)
                              c:/st/stm32cubeide_1.8.0/stm32cubeide/plugins/com.st.stm32cube.ide.mcu.externaltools.gnu-tools-for-stm32.9-2020-q2-update.win32_2.0.0.202105311346/tools/bin/../lib/gcc/arm-none-eabi/9.3.1/../../../../arm-none-eabi/lib/thumb/v7e-m+fp/hard/crt0.o (__libc_init_array)
c:/st/stm32cubeide_1.8.0/stm32cubeide/plugins/com.st.stm32cube.ide.mcu.externaltools.gnu-tools-for-stm32.9-2020-q2-update.win32_2.0.0.202105311346/tools/bin/../lib/gcc/arm-none-eabi/9.3.1/../../../../arm-none-eabi/lib/thumb/v7e-m+fp/hard\libc_nano.a(lib_a-memset.o)
                              c:/st/stm32cubeide_1.8.0/stm32cubeide/plugins/com.st.stm32cube.ide.mcu.externaltools.gnu-tools-for-stm32.9-2020-q2-update.win32_2.0.0.202105311346/tools/bin/../lib/gcc/arm-none-eabi/9.3.1/../../../../arm-none-eabi/lib/thumb/v7e-m+fp/hard/crt0.o (memset)
c:/st/stm32cubeide_1.8.0/stm32cubeide/plugins/com.st.stm32cube.ide.mcu.externaltools.gnu-tools-for-stm32.9-2020-q2-update.win32_2.0.0.202105311346/tools/bin/../lib/gcc/arm-none-eabi/9.3.1/thumb/v7e-m+fp/hard\libgcc.a(_aeabi_uldivmod.o)
                              ./Drivers/STM32F4xx_HAL_Driver/Src/stm32f4xx_hal_rcc.o (__aeabi_uldivmod)
c:/st/stm32cubeide_1.8.0/stm32cubeide/plugins/com.st.stm32cube.ide.mcu.externaltools.gnu-tools-for-stm32.9-2020-q2-update.win32_2.0.0.202105311346/tools/bin/../lib/gcc/arm-none-eabi/9.3.1/thumb/v7e-m+fp/hard\libgcc.a(_udivmoddi4.o)
                              c:/st/stm32cubeide_1.8.0/stm32cubeide/plugins/com.st.stm32cube.ide.mcu.externaltools.gnu-tools-for-stm32.9-2020-q2-update.win32_2.0.0.202105311346/tools/bin/../lib/gcc/arm-none-eabi/9.3.1/thumb/v7e-m+fp/hard\libgcc.a(_aeabi_uldivmod.o) (__udivmoddi4)
c:/st/stm32cubeide_1.8.0/stm32cubeide/plugins/com.st.stm32cube.ide.mcu.externaltools.gnu-tools-for-stm32.9-2020-q2-update.win32_2.0.0.202105311346/tools/bin/../lib/gcc/arm-none-eabi/9.3.1/thumb/v7e-m+fp/hard\libgcc.a(_dvmd_tls.o)
                              c:/st/stm32cubeide_1.8.0/stm32cubeide/plugins/com.st.stm32cube.ide.mcu.externaltools.gnu-tools-for-stm32.9-2020-q2-update.win32_2.0.0.202105311346/tools/bin/../lib/gcc/arm-none-eabi/9.3.1/thumb/v7e-m+fp/hard\libgcc.a(_aeabi_uldivmod.o) (__aeabi_ldiv0)

Allocating common symbols
Common symbol       size              file

retSD               0x1               ./FATFS/App/fatfs.o
uwTick              0x4               ./Drivers/STM32F4xx_HAL_Driver/Src/stm32f4xx_hal.o
pFlash              0x20              ./Drivers/STM32F4xx_HAL_Driver/Src/stm32f4xx_hal_flash.o
SDPath              0x4               ./FATFS/App/fatfs.o
hsd                 0x84              ./Core/Src/main.o
SDFile              0x230             ./FATFS/App/fatfs.o
SDFatFS             0x230             ./FATFS/App/fatfs.o

Discarded input sections

 .text          0x0000000000000000        0x0 c:/st/stm32cubeide_1.8.0/stm32cubeide/plugins/com.st.stm32cube.ide.mcu.externaltools.gnu-tools-for-stm32.9-2020-q2-update.win32_2.0.0.202105311346/tools/bin/../lib/gcc/arm-none-eabi/9.3.1/thumb/v7e-m+fp/hard/crti.o
[...]
Memory Configuration

Name             Origin             Length             Attributes
RAM              0x0000000020000000 0x0000000000020000 xrw
FLASH            0x0000000008000000 0x0000000000080000 xr
*default*        0x0000000000000000 0xffffffffffffffff

Linker script and memory map

LOAD c:/st/stm32cubeide_1.8.0/stm32cubeide/plugins/com.st.stm32cube.ide.mcu.externaltools.gnu-tools-for-stm32.9-2020-q2-update.win32_2.0.0.202105311346/tools/bin/../lib/gcc/arm-none-eabi/9.3.1/thumb/v7e-m+fp/hard/crti.o
LOAD c:/st/stm32cubeide_1.8.0/stm32cubeide/plugins/com.st.stm32cube.ide.mcu.externaltools.gnu-tools-for-stm32.9-2020-q2-update.win32_2.0.0.202105311346/tools/bin/../lib/gcc/arm-none-eabi/9.3.1/thumb/v7e-m+fp/hard/crtbegin.o
LOAD c:/st/stm32cubeide_1.8.0/stm32cubeide/plugins/com.st.stm32cube.ide.mcu.externaltools.gnu-tools-for-stm32.9-2020-q2-update.win32_2.0.0.202105311346/tools/bin/../lib/gcc/arm-none-eabi/9.3.1/../../../../arm-none-eabi/lib/thumb/v7e-m+fp/hard/crt0.o
LOAD ./Application/Src/app_main.o
LOAD ./Core/Src/main.o
LOAD ./Core/Src/stm32f4xx_hal_msp.o
LOAD ./Core/Src/stm32f4xx_it.o
LOAD ./Core/Src/syscalls.o
LOAD ./Core/Src/sysmem.o
LOAD ./Core/Src/system_stm32f4xx.o
LOAD ./Core/Startup/startup_stm32f411ceux.o
LOAD ./Drivers/STM32F4xx_HAL_Driver/Src/stm32f4xx_hal.o
LOAD ./Drivers/STM32F4xx_HAL_Driver/Src/stm32f4xx_hal_cortex.o
LOAD ./Drivers/STM32F4xx_HAL_Driver/Src/stm32f4xx_hal_dma.o
LOAD ./Drivers/STM32F4xx_HAL_Driver/Src/stm32f4xx_hal_dma_ex.o
LOAD ./Drivers/STM32F4xx_HAL_Driver/Src/stm32f4xx_hal_exti.o
LOAD ./Drivers/STM32F4xx_HAL_Driver/Src/stm32f4xx_hal_flash.o
LOAD ./Drivers/STM32F4xx_HAL_Driver/Src/stm32f4xx_hal_flash_ex.o
LOAD ./Drivers/STM32F4xx_HAL_Driver/Src/stm32f4xx_hal_flash_ramfunc.o
LOAD ./Drivers/STM32F4xx_HAL_Driver/Src/stm32f4xx_hal_gpio.o
LOAD ./Drivers/STM32F4xx_HAL_Driver/Src/stm32f4xx_hal_pwr.o
LOAD ./Drivers/STM32F4xx_HAL_Driver/Src/stm32f4xx_hal_pwr_ex.o
LOAD ./Drivers/STM32F4xx_HAL_Driver/Src/stm32f4xx_hal_rcc.o
LOAD ./Drivers/STM32F4xx_HAL_Driver/Src/stm32f4xx_hal_rcc_ex.o
LOAD ./Drivers/STM32F4xx_HAL_Driver/Src/stm32f4xx_hal_sd.o
LOAD ./Drivers/STM32F4xx_HAL_Driver/Src/stm32f4xx_hal_tim.o
LOAD ./Drivers/STM32F4xx_HAL_Driver/Src/stm32f4xx_hal_tim_ex.o
LOAD ./Drivers/STM32F4xx_HAL_Driver/Src/stm32f4xx_ll_sdmmc.o
LOAD ./FATFS/App/fatfs.o
LOAD ./FATFS/Target/bsp_driver_sd.o
LOAD ./FATFS/Target/sd_diskio.o
LOAD ./Middlewares/Third_Party/FatFs/src/diskio.o
LOAD ./Middlewares/Third_Party/FatFs/src/ff.o
LOAD ./Middlewares/Third_Party/FatFs/src/ff_gen_drv.o
LOAD ./Middlewares/Third_Party/FatFs/src/option/syscall.o
START GROUP
LOAD c:/st/stm32cubeide_1.8.0/stm32cubeide/plugins/com.st.stm32cube.ide.mcu.externaltools.gnu-tools-for-stm32.9-2020-q2-update.win32_2.0.0.202105311346/tools/bin/../lib/gcc/arm-none-eabi/9.3.1/../../../../arm-none-eabi/lib/thumb/v7e-m+fp/hard\libc_nano.a
LOAD c:/st/stm32cubeide_1.8.0/stm32cubeide/plugins/com.st.stm32cube.ide.mcu.externaltools.gnu-tools-for-stm32.9-2020-q2-update.win32_2.0.0.202105311346/tools/bin/../lib/gcc/arm-none-eabi/9.3.1/../../../../arm-none-eabi/lib/thumb/v7e-m+fp/hard\libm.a
END GROUP
START GROUP
LOAD c:/st/stm32cubeide_1.8.0/stm32cubeide/plugins/com.st.stm32cube.ide.mcu.externaltools.gnu-tools-for-stm32.9-2020-q2-update.win32_2.0.0.202105311346/tools/bin/../lib/gcc/arm-none-eabi/9.3.1/thumb/v7e-m+fp/hard\libgcc.a
LOAD c:/st/stm32cubeide_1.8.0/stm32cubeide/plugins/com.st.stm32cube.ide.mcu.externaltools.gnu-tools-for-stm32.9-2020-q2-update.win32_2.0.0.202105311346/tools/bin/../lib/gcc/arm-none-eabi/9.3.1/../../../../arm-none-eabi/lib/thumb/v7e-m+fp/hard\libc_nano.a
END GROUP
START GROUP
LOAD c:/st/stm32cubeide_1.8.0/stm32cubeide/plugins/com.st.stm32cube.ide.mcu.externaltools.gnu-tools-for-stm32.9-2020-q2-update.win32_2.0.0.202105311346/tools/bin/../lib/gcc/arm-none-eabi/9.3.1/thumb/v7e-m+fp/hard\libgcc.a
LOAD c:/st/stm32cubeide_1.8.0/stm32cubeide/plugins/com.st.stm32cube.ide.mcu.externaltools.gnu-tools-for-stm32.9-2020-q2-update.win32_2.0.0.202105311346/tools/bin/../lib/gcc/arm-none-eabi/9.3.1/../../../../arm-none-eabi/lib/thumb/v7e-m+fp/hard\libc_nano.a
LOAD c:/st/stm32cubeide_1.8.0/stm32cubeide/plugins/com.st.stm32cube.ide.mcu.externaltools.gnu-tools-for-stm32.9-2020-q2-update.win32_2.0.0.202105311346/tools/bin/../lib/gcc/arm-none-eabi/9.3.1/../../../../arm-none-eabi/lib/thumb/v7e-m+fp/hard\libnosys.a
END GROUP
START GROUP
LOAD c:/st/stm32cubeide_1.8.0/stm32cubeide/plugins/com.st.stm32cube.ide.mcu.externaltools.gnu-tools-for-stm32.9-2020-q2-update.win32_2.0.0.202105311346/tools/bin/../lib/gcc/arm-none-eabi/9.3.1/thumb/v7e-m+fp/hard\libgcc.a
LOAD c:/st/stm32cubeide_1.8.0/stm32cubeide/plugins/com.st.stm32cube.ide.mcu.externaltools.gnu-tools-for-stm32.9-2020-q2-update.win32_2.0.0.202105311346/tools/bin/../lib/gcc/arm-none-eabi/9.3.1/../../../../arm-none-eabi/lib/thumb/v7e-m+fp/hard\libc_nano.a
LOAD c:/st/stm32cubeide_1.8.0/stm32cubeide/plugins/com.st.stm32cube.ide.mcu.externaltools.gnu-tools-for-stm32.9-2020-q2-update.win32_2.0.0.202105311346/tools/bin/../lib/gcc/arm-none-eabi/9.3.1/../../../../arm-none-eabi/lib/thumb/v7e-m+fp/hard\libnosys.a
END GROUP
LOAD c:/st/stm32cubeide_1.8.0/stm32cubeide/plugins/com.st.stm32cube.ide.mcu.externaltools.gnu-tools-for-stm32.9-2020-q2-update.win32_2.0.0.202105311346/tools/bin/../lib/gcc/arm-none-eabi/9.3.1/thumb/v7e-m+fp/hard/crtend.o
LOAD c:/st/stm32cubeide_1.8.0/stm32cubeide/plugins/com.st.stm32cube.ide.mcu.externaltools.gnu-tools-for-stm32.9-2020-q2-update.win32_2.0.0.202105311346/tools/bin/../lib/gcc/arm-none-eabi/9.3.1/thumb/v7e-m+fp/hard/crtn.o
                0x0000000020020000                _estack = (ORIGIN (RAM) + LENGTH (RAM))
                0x0000000000000200                _Min_Heap_Size = 0x200
                0x0000000000000400                _Min_Stack_Size = 0x400

.isr_vector     0x0000000008000000      0x198
                0x0000000008000000                . = ALIGN (0x4)
 *(.isr_vector)
 .isr_vector    0x0000000008000000      0x198 ./Core/Startup/startup_stm32f411ceux.o
                0x0000000008000000                g_pfnVectors
                0x0000000008000198                . = ALIGN (0x4)

.text           0x0000000008000198     0x55bc
                0x0000000008000198                . = ALIGN (0x4)
 *(.text)
 .text          0x0000000008000198       0x40 c:/st/stm32cubeide_1.8.0/stm32cubeide/plugins/com.st.stm32cube.ide.mcu.externaltools.gnu-tools-for-stm32.9-2020-q2-update.win32_2.0.0.202105311346/tools/bin/../lib/gcc/arm-none-eabi/9.3.1/thumb/v7e-m+fp/hard/crtbegin.o
 .text          0x00000000080001d8       0x30 c:/st/stm32cubeide_1.8.0/stm32cubeide/plugins/com.st.stm32cube.ide.mcu.externaltools.gnu-tools-for-stm32.9-2020-q2-update.win32_2.0.0.202105311346/tools/bin/../lib/gcc/arm-none-eabi/9.3.1/thumb/v7e-m+fp/hard\libgcc.a(_aeabi_uldivmod.o)
                0x00000000080001d8                __aeabi_uldivmod
 .text          0x0000000008000208      0x2c4 c:/st/stm32cubeide_1.8.0/stm32cubeide/plugins/com.st.stm32cube.ide.mcu.externaltools.gnu-tools-for-stm32.9-2020-q2-update.win32_2.0.0.202105311346/tools/bin/../lib/gcc/arm-none-eabi/9.3.1/thumb/v7e-m+fp/hard\libgcc.a(_udivmoddi4.o)
                0x0000000008000208                __udivmoddi4
 .text          0x00000000080004cc        0x4 c:/st/stm32cubeide_1.8.0/stm32cubeide/plugins/com.st.stm32cube.ide.mcu.externaltools.gnu-tools-for-stm32.9-2020-q2-update.win32_2.0.0.202105311346/tools/bin/../lib/gcc/arm-none-eabi/9.3.1/thumb/v7e-m+fp/hard\libgcc.a(_dvmd_tls.o)
                0x00000000080004cc                __aeabi_idiv0
                0x00000000080004cc                __aeabi_ldiv0
 *(.text*)
 .text.app_main
                0x00000000080004d0       0x94 ./Application/Src/app_main.o
                0x00000000080004d0                app_main
 .text.main     0x0000000008000564       0x1e ./Core/Src/main.o
                0x0000000008000564                main
 *fill*         0x0000000008000582        0x2 
 .text.SystemClock_Config
                0x0000000008000584       0xd0 ./Core/Src/main.o
                0x0000000008000584                SystemClock_Config
 .text.MX_SDIO_SD_Init
                0x0000000008000654       0x40 ./Core/Src/main.o
 .text.MX_GPIO_Init
                0x0000000008000694       0x50 ./Core/Src/main.o
 .text.Error_Handler
                0x00000000080006e4        0xa ./Core/Src/main.o
                0x00000000080006e4                Error_Handler
 *fill*         0x00000000080006ee        0x2 
 .text.HAL_MspInit
                0x00000000080006f0       0x50 ./Core/Src/stm32f4xx_hal_msp.o
                0x00000000080006f0                HAL_MspInit
 .text.HAL_SD_MspInit
                0x0000000008000740       0xd0 ./Core/Src/stm32f4xx_hal_msp.o
                0x0000000008000740                HAL_SD_MspInit
 .text.NMI_Handler
                0x0000000008000810        0x6 ./Core/Src/stm32f4xx_it.o
                0x0000000008000810                NMI_Handler
 .text.HardFault_Handler
                0x0000000008000816        0x6 ./Core/Src/stm32f4xx_it.o
                0x0000000008000816                HardFault_Handler
 .text.MemManage_Handler
                0x000000000800081c        0x6 ./Core/Src/stm32f4xx_it.o
                0x000000000800081c                MemManage_Handler
 .text.BusFault_Handler
                0x0000000008000822        0x6 ./Core/Src/stm32f4xx_it.o
                0x0000000008000822                BusFault_Handler
 .text.UsageFault_Handler
                0x0000000008000828        0x6 ./Core/Src/stm32f4xx_it.o
                0x0000000008000828                UsageFault_Handler
 .text.SVC_Handler
                0x000000000800082e        0xe ./Core/Src/stm32f4xx_it.o
                0x000000000800082e                SVC_Handler
 .text.DebugMon_Handler
                0x000000000800083c        0xe ./Core/Src/stm32f4xx_it.o
                0x000000000800083c                DebugMon_Handler
 .text.PendSV_Handler
                0x000000000800084a        0xe ./Core/Src/stm32f4xx_it.o
                0x000000000800084a                PendSV_Handler
 .text.SysTick_Handler
                0x0000000008000858        0xc ./Core/Src/stm32f4xx_it.o
                0x0000000008000858                SysTick_Handler
 .text.SystemInit
                0x0000000008000864       0x24 ./Core/Src/system_stm32f4xx.o
                0x0000000008000864                SystemInit
 .text.Reset_Handler
                0x0000000008000888       0x50 ./Core/Startup/startup_stm32f411ceux.o
                0x0000000008000888                Reset_Handler
 .text.Default_Handler
                0x00000000080008d8        0x2 ./Core/Startup/startup_stm32f411ceux.o
                0x00000000080008d8                RTC_Alarm_IRQHandler
                0x00000000080008d8                EXTI2_IRQHandler
                0x00000000080008d8                SPI4_IRQHandler
                0x00000000080008d8                TIM1_CC_IRQHandler
                0x00000000080008d8                DMA2_Stream5_IRQHandler
                0x00000000080008d8                DMA1_Stream5_IRQHandler
                0x00000000080008d8                PVD_IRQHandler
                0x00000000080008d8                SDIO_IRQHandler
                0x00000000080008d8                TAMP_STAMP_IRQHandler
                0x00000000080008d8                EXTI3_IRQHandler
                0x00000000080008d8                TIM1_UP_TIM10_IRQHandler
                0x00000000080008d8                I2C3_ER_IRQHandler
                0x00000000080008d8                EXTI0_IRQHandler
                0x00000000080008d8                I2C2_EV_IRQHandler
                0x00000000080008d8                DMA1_Stream2_IRQHandler
                0x00000000080008d8                FPU_IRQHandler
                0x00000000080008d8                DMA2_Stream2_IRQHandler
                0x00000000080008d8                SPI1_IRQHandler
                0x00000000080008d8                TIM1_BRK_TIM9_IRQHandler
                0x00000000080008d8                DMA2_Stream3_IRQHandler
                0x00000000080008d8                USART6_IRQHandler
                0x00000000080008d8                DMA2_Stream0_IRQHandler
                0x00000000080008d8                TIM4_IRQHandler
                0x00000000080008d8                I2C1_EV_IRQHandler
                0x00000000080008d8                DMA1_Stream6_IRQHandler
                0x00000000080008d8                DMA1_Stream1_IRQHandler
                0x00000000080008d8                TIM3_IRQHandler
                0x00000000080008d8                RCC_IRQHandler
                0x00000000080008d8                Default_Handler
                0x00000000080008d8                EXTI15_10_IRQHandler
                0x00000000080008d8                ADC_IRQHandler
                0x00000000080008d8                DMA1_Stream7_IRQHandler
                0x00000000080008d8                SPI5_IRQHandler
                0x00000000080008d8                TIM5_IRQHandler
                0x00000000080008d8                DMA2_Stream7_IRQHandler
                0x00000000080008d8                I2C3_EV_IRQHandler
                0x00000000080008d8                EXTI9_5_IRQHandler
                0x00000000080008d8                RTC_WKUP_IRQHandler
                0x00000000080008d8                SPI2_IRQHandler
                0x00000000080008d8                DMA1_Stream0_IRQHandler
                0x00000000080008d8                EXTI4_IRQHandler
                0x00000000080008d8                WWDG_IRQHandler
                0x00000000080008d8                TIM2_IRQHandler
                0x00000000080008d8                OTG_FS_WKUP_IRQHandler
                0x00000000080008d8                TIM1_TRG_COM_TIM11_IRQHandler
                0x00000000080008d8                EXTI1_IRQHandler
                0x00000000080008d8                USART2_IRQHandler
                0x00000000080008d8                I2C2_ER_IRQHandler
                0x00000000080008d8                DMA2_Stream1_IRQHandler
                0x00000000080008d8                FLASH_IRQHandler
                0x00000000080008d8                DMA2_Stream4_IRQHandler
                0x00000000080008d8                USART1_IRQHandler
                0x00000000080008d8                OTG_FS_IRQHandler
                0x00000000080008d8                SPI3_IRQHandler
                0x00000000080008d8                DMA1_Stream4_IRQHandler
                0x00000000080008d8                I2C1_ER_IRQHandler
                0x00000000080008d8                DMA2_Stream6_IRQHandler
                0x00000000080008d8                DMA1_Stream3_IRQHandler
 *fill*         0x00000000080008da        0x2 
 .text.HAL_Init
                0x00000000080008dc       0x44 ./Drivers/STM32F4xx_HAL_Driver/Src/stm32f4xx_hal.o
                0x00000000080008dc                HAL_Init
 .text.HAL_InitTick
                0x0000000008000920       0x60 ./Drivers/STM32F4xx_HAL_Driver/Src/stm32f4xx_hal.o
                0x0000000008000920                HAL_InitTick
 .text.HAL_IncTick
                0x0000000008000980       0x28 ./Drivers/STM32F4xx_HAL_Driver/Src/stm32f4xx_hal.o
                0x0000000008000980                HAL_IncTick
 .text.HAL_GetTick
                0x00000000080009a8       0x18 ./Drivers/STM32F4xx_HAL_Driver/Src/stm32f4xx_hal.o
                0x00000000080009a8                HAL_GetTick
 .text.HAL_Delay
                0x00000000080009c0       0x48 ./Drivers/STM32F4xx_HAL_Driver/Src/stm32f4xx_hal.o
                0x00000000080009c0                HAL_Delay
 .text.__NVIC_SetPriorityGrouping
                0x0000000008000a08       0x48 ./Drivers/STM32F4xx_HAL_Driver/Src/stm32f4xx_hal_cortex.o
 .text.__NVIC_GetPriorityGrouping
                0x0000000008000a50       0x1c ./Drivers/STM32F4xx_HAL_Driver/Src/stm32f4xx_hal_cortex.o
 .text.__NVIC_SetPriority
                0x0000000008000a6c       0x54 ./Drivers/STM32F4xx_HAL_Driver/Src/stm32f4xx_hal_cortex.o
 .text.NVIC_EncodePriority
                0x0000000008000ac0       0x66 ./Drivers/STM32F4xx_HAL_Driver/Src/stm32f4xx_hal_cortex.o
 *fill*         0x0000000008000b26        0x2 
 .text.SysTick_Config
                0x0000000008000b28       0x44 ./Drivers/STM32F4xx_HAL_Driver/Src/stm32f4xx_hal_cortex.o
 .text.HAL_NVIC_SetPriorityGrouping
                0x0000000008000b6c       0x16 ./Drivers/STM32F4xx_HAL_Driver/Src/stm32f4xx_hal_cortex.o
                0x0000000008000b6c                HAL_NVIC_SetPriorityGrouping
 .text.HAL_NVIC_SetPriority
                0x0000000008000b82       0x38 ./Drivers/STM32F4xx_HAL_Driver/Src/stm32f4xx_hal_cortex.o
                0x0000000008000b82                HAL_NVIC_SetPriority
 .text.HAL_SYSTICK_Config
                0x0000000008000bba       0x18 ./Drivers/STM32F4xx_HAL_Driver/Src/stm32f4xx_hal_cortex.o
                0x0000000008000bba                HAL_SYSTICK_Config
 *fill*         0x0000000008000bd2        0x2 
 .text.HAL_GPIO_Init
                0x0000000008000bd4      0x308 ./Drivers/STM32F4xx_HAL_Driver/Src/stm32f4xx_hal_gpio.o
                0x0000000008000bd4                HAL_GPIO_Init
 .text.HAL_RCC_OscConfig
                0x0000000008000edc      0x4f0 ./Drivers/STM32F4xx_HAL_Driver/Src/stm32f4xx_hal_rcc.o
                0x0000000008000edc                HAL_RCC_OscConfig
 .text.HAL_RCC_ClockConfig
                0x00000000080013cc      0x1cc ./Drivers/STM32F4xx_HAL_Driver/Src/stm32f4xx_hal_rcc.o
                0x00000000080013cc                HAL_RCC_ClockConfig
 .text.HAL_RCC_GetSysClockFreq
                0x0000000008001598      0x16c ./Drivers/STM32F4xx_HAL_Driver/Src/stm32f4xx_hal_rcc.o
                0x0000000008001598                HAL_RCC_GetSysClockFreq
 .text.HAL_SD_Init
                0x0000000008001704       0x60 ./Drivers/STM32F4xx_HAL_Driver/Src/stm32f4xx_hal_sd.o
                0x0000000008001704                HAL_SD_Init
 .text.HAL_SD_InitCard
                0x0000000008001764       0xfc ./Drivers/STM32F4xx_HAL_Driver/Src/stm32f4xx_hal_sd.o
                0x0000000008001764                HAL_SD_InitCard
 .text.HAL_SD_ReadBlocks
                0x0000000008001860      0x3bc ./Drivers/STM32F4xx_HAL_Driver/Src/stm32f4xx_hal_sd.o
                0x0000000008001860                HAL_SD_ReadBlocks
 .text.HAL_SD_WriteBlocks
                0x0000000008001c1c      0x30c ./Drivers/STM32F4xx_HAL_Driver/Src/stm32f4xx_hal_sd.o
                0x0000000008001c1c                HAL_SD_WriteBlocks
 .text.HAL_SD_GetCardCSD
                0x0000000008001f28      0x348 ./Drivers/STM32F4xx_HAL_Driver/Src/stm32f4xx_hal_sd.o
                0x0000000008001f28                HAL_SD_GetCardCSD
 .text.HAL_SD_GetCardInfo
                0x0000000008002270       0x58 ./Drivers/STM32F4xx_HAL_Driver/Src/stm32f4xx_hal_sd.o
                0x0000000008002270                HAL_SD_GetCardInfo
 .text.HAL_SD_GetCardState
                0x00000000080022c8       0x40 ./Drivers/STM32F4xx_HAL_Driver/Src/stm32f4xx_hal_sd.o
                0x00000000080022c8                HAL_SD_GetCardState
 .text.SD_InitCard
                0x0000000008002308      0x198 ./Drivers/STM32F4xx_HAL_Driver/Src/stm32f4xx_hal_sd.o
 .text.SD_PowerON
                0x00000000080024a0      0x11c ./Drivers/STM32F4xx_HAL_Driver/Src/stm32f4xx_hal_sd.o
 .text.SD_SendStatus
                0x00000000080025bc       0x50 ./Drivers/STM32F4xx_HAL_Driver/Src/stm32f4xx_hal_sd.o
 .text.SDIO_Init
                0x000000000800260c       0x56 ./Drivers/STM32F4xx_HAL_Driver/Src/stm32f4xx_ll_sdmmc.o
                0x000000000800260c                SDIO_Init
 .text.SDIO_ReadFIFO
                0x0000000008002662       0x1a ./Drivers/STM32F4xx_HAL_Driver/Src/stm32f4xx_ll_sdmmc.o
                0x0000000008002662                SDIO_ReadFIFO
 .text.SDIO_WriteFIFO
                0x000000000800267c       0x22 ./Drivers/STM32F4xx_HAL_Driver/Src/stm32f4xx_ll_sdmmc.o
                0x000000000800267c                SDIO_WriteFIFO
 .text.SDIO_PowerState_ON
                0x000000000800269e       0x1e ./Drivers/STM32F4xx_HAL_Driver/Src/stm32f4xx_ll_sdmmc.o
                0x000000000800269e                SDIO_PowerState_ON
 .text.SDIO_GetPowerState
                0x00000000080026bc       0x1c ./Drivers/STM32F4xx_HAL_Driver/Src/stm32f4xx_ll_sdmmc.o
                0x00000000080026bc                SDIO_GetPowerState
 .text.SDIO_SendCommand
                0x00000000080026d8       0x54 ./Drivers/STM32F4xx_HAL_Driver/Src/stm32f4xx_ll_sdmmc.o
                0x00000000080026d8                SDIO_SendCommand
 .text.SDIO_GetCommandResponse
                0x000000000800272c       0x1a ./Drivers/STM32F4xx_HAL_Driver/Src/stm32f4xx_ll_sdmmc.o
                0x000000000800272c                SDIO_GetCommandResponse
 .text.SDIO_GetResponse
                0x0000000008002746       0x26 ./Drivers/STM32F4xx_HAL_Driver/Src/stm32f4xx_ll_sdmmc.o
                0x0000000008002746                SDIO_GetResponse
 .text.SDIO_ConfigData
                0x000000000800276c       0x58 ./Drivers/STM32F4xx_HAL_Driver/Src/stm32f4xx_ll_sdmmc.o
                0x000000000800276c                SDIO_ConfigData
 .text.SDMMC_CmdBlockLength
                0x00000000080027c4       0x44 ./Drivers/STM32F4xx_HAL_Driver/Src/stm32f4xx_ll_sdmmc.o
                0x00000000080027c4                SDMMC_CmdBlockLength
 .text.SDMMC_CmdReadSingleBlock
                0x0000000008002808       0x44 ./Drivers/STM32F4xx_HAL_Driver/Src/stm32f4xx_ll_sdmmc.o
                0x0000000008002808                SDMMC_CmdReadSingleBlock
 .text.SDMMC_CmdReadMultiBlock
                0x000000000800284c       0x44 ./Drivers/STM32F4xx_HAL_Driver/Src/stm32f4xx_ll_sdmmc.o
                0x000000000800284c                SDMMC_CmdReadMultiBlock
 .text.SDMMC_CmdWriteSingleBlock
                0x0000000008002890       0x44 ./Drivers/STM32F4xx_HAL_Driver/Src/stm32f4xx_ll_sdmmc.o
                0x0000000008002890                SDMMC_CmdWriteSingleBlock
 .text.SDMMC_CmdWriteMultiBlock
                0x00000000080028d4       0x44 ./Drivers/STM32F4xx_HAL_Driver/Src/stm32f4xx_ll_sdmmc.o
                0x00000000080028d4                SDMMC_CmdWriteMultiBlock
 .text.SDMMC_CmdStopTransfer
                0x0000000008002918       0x44 ./Drivers/STM32F4xx_HAL_Driver/Src/stm32f4xx_ll_sdmmc.o
                0x0000000008002918                SDMMC_CmdStopTransfer
 .text.SDMMC_CmdSelDesel
                0x000000000800295c       0x46 ./Drivers/STM32F4xx_HAL_Driver/Src/stm32f4xx_ll_sdmmc.o
                0x000000000800295c                SDMMC_CmdSelDesel
 .text.SDMMC_CmdGoIdleState
                0x00000000080029a2       0x3c ./Drivers/STM32F4xx_HAL_Driver/Src/stm32f4xx_ll_sdmmc.o
                0x00000000080029a2                SDMMC_CmdGoIdleState
 .text.SDMMC_CmdOperCond
                0x00000000080029de       0x3e ./Drivers/STM32F4xx_HAL_Driver/Src/stm32f4xx_ll_sdmmc.o
                0x00000000080029de                SDMMC_CmdOperCond
 .text.SDMMC_CmdAppCommand
                0x0000000008002a1c       0x44 ./Drivers/STM32F4xx_HAL_Driver/Src/stm32f4xx_ll_sdmmc.o
                0x0000000008002a1c                SDMMC_CmdAppCommand
 .text.SDMMC_CmdAppOperCommand
                0x0000000008002a60       0x46 ./Drivers/STM32F4xx_HAL_Driver/Src/stm32f4xx_ll_sdmmc.o
                0x0000000008002a60                SDMMC_CmdAppOperCommand
 .text.SDMMC_CmdSendCID
                0x0000000008002aa6       0x3c ./Drivers/STM32F4xx_HAL_Driver/Src/stm32f4xx_ll_sdmmc.o
                0x0000000008002aa6                SDMMC_CmdSendCID
 .text.SDMMC_CmdSendCSD
                0x0000000008002ae2       0x3e ./Drivers/STM32F4xx_HAL_Driver/Src/stm32f4xx_ll_sdmmc.o
                0x0000000008002ae2                SDMMC_CmdSendCSD
 .text.SDMMC_CmdSetRelAdd
                0x0000000008002b20       0x42 ./Drivers/STM32F4xx_HAL_Driver/Src/stm32f4xx_ll_sdmmc.o
                0x0000000008002b20                SDMMC_CmdSetRelAdd
 .text.SDMMC_CmdSendStatus
                0x0000000008002b62       0x44 ./Drivers/STM32F4xx_HAL_Driver/Src/stm32f4xx_ll_sdmmc.o
                0x0000000008002b62                SDMMC_CmdSendStatus
 *fill*         0x0000000008002ba6        0x2 
 .text.SDMMC_GetCmdError
                0x0000000008002ba8       0x58 ./Drivers/STM32F4xx_HAL_Driver/Src/stm32f4xx_ll_sdmmc.o
 .text.SDMMC_GetCmdResp1
                0x0000000008002c00      0x1dc ./Drivers/STM32F4xx_HAL_Driver/Src/stm32f4xx_ll_sdmmc.o
 .text.SDMMC_GetCmdResp2
                0x0000000008002ddc       0x90 ./Drivers/STM32F4xx_HAL_Driver/Src/stm32f4xx_ll_sdmmc.o
 .text.SDMMC_GetCmdResp3
                0x0000000008002e6c       0x7c ./Drivers/STM32F4xx_HAL_Driver/Src/stm32f4xx_ll_sdmmc.o
 .text.SDMMC_GetCmdResp6
                0x0000000008002ee8       0xec ./Drivers/STM32F4xx_HAL_Driver/Src/stm32f4xx_ll_sdmmc.o
 .text.SDMMC_GetCmdResp7
                0x0000000008002fd4       0x9c ./Drivers/STM32F4xx_HAL_Driver/Src/stm32f4xx_ll_sdmmc.o
 .text.MX_FATFS_Init
                0x0000000008003070       0x24 ./FATFS/App/fatfs.o
                0x0000000008003070                MX_FATFS_Init
 .text.get_fattime
                0x0000000008003094       0x10 ./FATFS/App/fatfs.o
                0x0000000008003094                get_fattime
 .text.BSP_SD_Init
                0x00000000080030a4       0x30 ./FATFS/Target/bsp_driver_sd.o
                0x00000000080030a4                BSP_SD_Init
 .text.BSP_SD_ReadBlocks
                0x00000000080030d4       0x3c ./FATFS/Target/bsp_driver_sd.o
                0x00000000080030d4                BSP_SD_ReadBlocks
 .text.BSP_SD_WriteBlocks
                0x0000000008003110       0x3c ./FATFS/Target/bsp_driver_sd.o
                0x0000000008003110                BSP_SD_WriteBlocks
 .text.BSP_SD_GetCardState
                0x000000000800314c       0x20 ./FATFS/Target/bsp_driver_sd.o
                0x000000000800314c                BSP_SD_GetCardState
 .text.BSP_SD_GetCardInfo
                0x000000000800316c       0x1c ./FATFS/Target/bsp_driver_sd.o
                0x000000000800316c                BSP_SD_GetCardInfo
 .text.BSP_SD_IsDetected
                0x0000000008003188       0x1a ./FATFS/Target/bsp_driver_sd.o
                0x0000000008003188                BSP_SD_IsDetected
 *fill*         0x00000000080031a2        0x2 
 .text.SD_CheckStatus
                0x00000000080031a4       0x3c ./FATFS/Target/sd_diskio.o
 .text.SD_initialize
                0x00000000080031e0       0x3c ./FATFS/Target/sd_diskio.o
                0x00000000080031e0                SD_initialize
 .text.SD_status
                0x000000000800321c       0x1c ./FATFS/Target/sd_diskio.o
                0x000000000800321c                SD_status
 .text.SD_read  0x0000000008003238       0x42 ./FATFS/Target/sd_diskio.o
                0x0000000008003238                SD_read
 .text.SD_write
                0x000000000800327a       0x42 ./FATFS/Target/sd_diskio.o
                0x000000000800327a                SD_write
 .text.SD_ioctl
                0x00000000080032bc       0xb0 ./FATFS/Target/sd_diskio.o
                0x00000000080032bc                SD_ioctl
 .text.disk_status
                0x000000000800336c       0x34 ./Middlewares/Third_Party/FatFs/src/diskio.o
                0x000000000800336c                disk_status
 .text.disk_initialize
                0x00000000080033a0       0x4c ./Middlewares/Third_Party/FatFs/src/diskio.o
                0x00000000080033a0                disk_initialize
 .text.disk_read
                0x00000000080033ec       0x40 ./Middlewares/Third_Party/FatFs/src/diskio.o
                0x00000000080033ec                disk_read
 .text.disk_write
                0x000000000800342c       0x40 ./Middlewares/Third_Party/FatFs/src/diskio.o
                0x000000000800342c                disk_write
 .text.disk_ioctl
                0x000000000800346c       0x3c ./Middlewares/Third_Party/FatFs/src/diskio.o
                0x000000000800346c                disk_ioctl
 .text.ld_word  0x00000000080034a8       0x30 ./Middlewares/Third_Party/FatFs/src/ff.o
 .text.ld_dword
                0x00000000080034d8       0x46 ./Middlewares/Third_Party/FatFs/src/ff.o
 .text.st_word  0x000000000800351e       0x36 ./Middlewares/Third_Party/FatFs/src/ff.o
 .text.st_dword
                0x0000000008003554       0x58 ./Middlewares/Third_Party/FatFs/src/ff.o
 .text.mem_cpy  0x00000000080035ac       0x42 ./Middlewares/Third_Party/FatFs/src/ff.o
 .text.mem_set  0x00000000080035ee       0x36 ./Middlewares/Third_Party/FatFs/src/ff.o
 .text.mem_cmp  0x0000000008003624       0x4e ./Middlewares/Third_Party/FatFs/src/ff.o
 .text.chk_chr  0x0000000008003672       0x36 ./Middlewares/Third_Party/FatFs/src/ff.o
 .text.chk_lock
                0x00000000080036a8       0xb8 ./Middlewares/Third_Party/FatFs/src/ff.o
 .text.enq_lock
                0x0000000008003760       0x44 ./Middlewares/Third_Party/FatFs/src/ff.o
 .text.inc_lock
                0x00000000080037a4      0x11c ./Middlewares/Third_Party/FatFs/src/ff.o
 .text.dec_lock
                0x00000000080038c0       0x78 ./Middlewares/Third_Party/FatFs/src/ff.o
 .text.clear_lock
                0x0000000008003938       0x48 ./Middlewares/Third_Party/FatFs/src/ff.o
 .text.sync_window
                0x0000000008003980       0x88 ./Middlewares/Third_Party/FatFs/src/ff.o
 .text.move_window
                0x0000000008003a08       0x5a ./Middlewares/Third_Party/FatFs/src/ff.o
 *fill*         0x0000000008003a62        0x2 
 .text.sync_fs  0x0000000008003a64       0xdc ./Middlewares/Third_Party/FatFs/src/ff.o
 .text.clust2sect
                0x0000000008003b40       0x3e ./Middlewares/Third_Party/FatFs/src/ff.o
 .text.get_fat  0x0000000008003b7e      0x150 ./Middlewares/Third_Party/FatFs/src/ff.o
 .text.put_fat  0x0000000008003cce      0x1d8 ./Middlewares/Third_Party/FatFs/src/ff.o
 .text.remove_chain
                0x0000000008003ea6       0xca ./Middlewares/Third_Party/FatFs/src/ff.o
 .text.create_chain
                0x0000000008003f70      0x130 ./Middlewares/Third_Party/FatFs/src/ff.o
 .text.clmt_clust
                0x00000000080040a0       0x68 ./Middlewares/Third_Party/FatFs/src/ff.o
 .text.dir_sdi  0x0000000008004108       0xf6 ./Middlewares/Third_Party/FatFs/src/ff.o
 .text.dir_next
                0x00000000080041fe      0x18a ./Middlewares/Third_Party/FatFs/src/ff.o
 .text.dir_alloc
                0x0000000008004388       0x8e ./Middlewares/Third_Party/FatFs/src/ff.o
 .text.ld_clust
                0x0000000008004416       0x3e ./Middlewares/Third_Party/FatFs/src/ff.o
 .text.st_clust
                0x0000000008004454       0x40 ./Middlewares/Third_Party/FatFs/src/ff.o
 .text.dir_find
                0x0000000008004494       0xaa ./Middlewares/Third_Party/FatFs/src/ff.o
 .text.dir_register
                0x000000000800453e       0x64 ./Middlewares/Third_Party/FatFs/src/ff.o
 *fill*         0x00000000080045a2        0x2 
 .text.create_name
                0x00000000080045a4      0x128 ./Middlewares/Third_Party/FatFs/src/ff.o
 .text.follow_path
                0x00000000080046cc       0xe2 ./Middlewares/Third_Party/FatFs/src/ff.o
 .text.get_ldnumber
                0x00000000080047ae       0x88 ./Middlewares/Third_Party/FatFs/src/ff.o
 *fill*         0x0000000008004836        0x2 
 .text.check_fs
                0x0000000008004838       0xac ./Middlewares/Third_Party/FatFs/src/ff.o
 .text.find_volume
                0x00000000080048e4      0x498 ./Middlewares/Third_Party/FatFs/src/ff.o
 .text.validate
                0x0000000008004d7c       0x6a ./Middlewares/Third_Party/FatFs/src/ff.o
 *fill*         0x0000000008004de6        0x2 
 .text.f_mount  0x0000000008004de8       0x8c ./Middlewares/Third_Party/FatFs/src/ff.o
                0x0000000008004de8                f_mount
 .text.f_open   0x0000000008004e74      0x37c ./Middlewares/Third_Party/FatFs/src/ff.o
                0x0000000008004e74                f_open
 .text.f_write  0x00000000080051f0      0x2ea ./Middlewares/Third_Party/FatFs/src/ff.o
                0x00000000080051f0                f_write
 .text.f_sync   0x00000000080054da       0xfc ./Middlewares/Third_Party/FatFs/src/ff.o
                0x00000000080054da                f_sync
 .text.f_close  0x00000000080055d6       0x54 ./Middlewares/Third_Party/FatFs/src/ff.o
                0x00000000080055d6                f_close
 *fill*         0x000000000800562a        0x2 
 .text.FATFS_LinkDriverEx
                0x000000000800562c       0x98 ./Middlewares/Third_Party/FatFs/src/ff_gen_drv.o
                0x000000000800562c                FATFS_LinkDriverEx
 .text.FATFS_LinkDriver
                0x00000000080056c4       0x1e ./Middlewares/Third_Party/FatFs/src/ff_gen_drv.o
                0x00000000080056c4                FATFS_LinkDriver
 *fill*         0x00000000080056e2        0x2 
 .text.__libc_init_array
                0x00000000080056e4       0x48 c:/st/stm32cubeide_1.8.0/stm32cubeide/plugins/com.st.stm32cube.ide.mcu.externaltools.gnu-tools-for-stm32.9-2020-q2-update.win32_2.0.0.202105311346/tools/bin/../lib/gcc/arm-none-eabi/9.3.1/../../../../arm-none-eabi/lib/thumb/v7e-m+fp/hard\libc_nano.a(lib_a-init.o)
                0x00000000080056e4                __libc_init_array
 .text.memset   0x000000000800572c       0x10 c:/st/stm32cubeide_1.8.0/stm32cubeide/plugins/com.st.stm32cube.ide.mcu.externaltools.gnu-tools-for-stm32.9-2020-q2-update.win32_2.0.0.202105311346/tools/bin/../lib/gcc/arm-none-eabi/9.3.1/../../../../arm-none-eabi/lib/thumb/v7e-m+fp/hard\libc_nano.a(lib_a-memset.o)
                0x000000000800572c                memset
 *(.glue_7)
 .glue_7        0x000000000800573c        0x0 linker stubs
 *(.glue_7t)
 .glue_7t       0x000000000800573c        0x0 linker stubs
 *(.eh_frame)
 .eh_frame      0x000000000800573c        0x0 c:/st/stm32cubeide_1.8.0/stm32cubeide/plugins/com.st.stm32cube.ide.mcu.externaltools.gnu-tools-for-stm32.9-2020-q2-update.win32_2.0.0.202105311346/tools/bin/../lib/gcc/arm-none-eabi/9.3.1/thumb/v7e-m+fp/hard/crtbegin.o
 *(.init)
 .init          0x000000000800573c        0x4 c:/st/stm32cubeide_1.8.0/stm32cubeide/plugins/com.st.stm32cube.ide.mcu.externaltools.gnu-tools-for-stm32.9-2020-q2-update.win32_2.0.0.202105311346/tools/bin/../lib/gcc/arm-none-eabi/9.3.1/thumb/v7e-m+fp/hard/crti.o
                0x000000000800573c                _init
 .init          0x0000000008005740        0x8 c:/st/stm32cubeide_1.8.0/stm32cubeide/plugins/com.st.stm32cube.ide.mcu.externaltools.gnu-tools-for-stm32.9-2020-q2-update.win32_2.0.0.202105311346/tools/bin/../lib/gcc/arm-none-eabi/9.3.1/thumb/v7e-m+fp/hard/crtn.o
 *(.fini)
 .fini          0x0000000008005748        0x4 c:/st/stm32cubeide_1.8.0/stm32cubeide/plugins/com.st.stm32cube.ide.mcu.externaltools.gnu-tools-for-stm32.9-2020-q2-update.win32_2.0.0.202105311346/tools/bin/../lib/gcc/arm-none-eabi/9.3.1/thumb/v7e-m+fp/hard/crti.o
                0x0000000008005748                _fini
 .fini          0x000000000800574c        0x8 c:/st/stm32cubeide_1.8.0/stm32cubeide/plugins/com.st.stm32cube.ide.mcu.externaltools.gnu-tools-for-stm32.9-2020-q2-update.win32_2.0.0.202105311346/tools/bin/../lib/gcc/arm-none-eabi/9.3.1/thumb/v7e-m+fp/hard/crtn.o
                0x0000000008005754                . = ALIGN (0x4)
                0x0000000008005754                _etext = .

.vfp11_veneer   0x0000000008005754        0x0
 .vfp11_veneer  0x0000000008005754        0x0 linker stubs

.v4_bx          0x0000000008005754        0x0
 .v4_bx         0x0000000008005754        0x0 linker stubs

.iplt           0x0000000008005754        0x0
 .iplt          0x0000000008005754        0x0 c:/st/stm32cubeide_1.8.0/stm32cubeide/plugins/com.st.stm32cube.ide.mcu.externaltools.gnu-tools-for-stm32.9-2020-q2-update.win32_2.0.0.202105311346/tools/bin/../lib/gcc/arm-none-eabi/9.3.1/thumb/v7e-m+fp/hard/crtbegin.o

.rodata         0x0000000008005754      0x108
                0x0000000008005754                . = ALIGN (0x4)
 *(.rodata)
 .rodata        0x0000000008005754       0x1d ./Application/Src/app_main.o
 *fill*         0x0000000008005771        0x3 
 .rodata        0x0000000008005774       0x44 ./Middlewares/Third_Party/FatFs/src/ff.o
 *(.rodata*)
 .rodata.AHBPrescTable
                0x00000000080057b8       0x10 ./Core/Src/system_stm32f4xx.o
                0x00000000080057b8                AHBPrescTable
 .rodata.SD_Driver
                0x00000000080057c8       0x14 ./FATFS/Target/sd_diskio.o
                0x00000000080057c8                SD_Driver
 .rodata.ExCvt  0x00000000080057dc       0x80 ./Middlewares/Third_Party/FatFs/src/ff.o
                0x000000000800585c                . = ALIGN (0x4)

.ARM.extab      0x000000000800585c        0x0
                0x000000000800585c                . = ALIGN (0x4)
 *(.ARM.extab* .gnu.linkonce.armextab.*)
                0x000000000800585c                . = ALIGN (0x4)

.ARM            0x000000000800585c        0x8
                0x000000000800585c                . = ALIGN (0x4)
                0x000000000800585c                __exidx_start = .
 *(.ARM.exidx*)
 .ARM.exidx     0x000000000800585c        0x8 c:/st/stm32cubeide_1.8.0/stm32cubeide/plugins/com.st.stm32cube.ide.mcu.externaltools.gnu-tools-for-stm32.9-2020-q2-update.win32_2.0.0.202105311346/tools/bin/../lib/gcc/arm-none-eabi/9.3.1/thumb/v7e-m+fp/hard\libgcc.a(_udivmoddi4.o)
                0x0000000008005864                __exidx_end = .
                0x0000000008005864                . = ALIGN (0x4)

.rel.dyn        0x0000000008005864        0x0
 .rel.iplt      0x0000000008005864        0x0 c:/st/stm32cubeide_1.8.0/stm32cubeide/plugins/com.st.stm32cube.ide.mcu.externaltools.gnu-tools-for-stm32.9-2020-q2-update.win32_2.0.0.202105311346/tools/bin/../lib/gcc/arm-none-eabi/9.3.1/thumb/v7e-m+fp/hard/crtbegin.o

.preinit_array  0x0000000008005864        0x0
                0x0000000008005864                . = ALIGN (0x4)
                0x0000000008005864                PROVIDE (__preinit_array_start = .)
 *(.preinit_array*)
                0x0000000008005864                PROVIDE (__preinit_array_end = .)
                0x0000000008005864                . = ALIGN (0x4)

.init_array     0x0000000008005864        0x4
                0x0000000008005864                . = ALIGN (0x4)
                0x0000000008005864                PROVIDE (__init_array_start = .)
 *(SORT_BY_NAME(.init_array.*))
 *(.init_array*)
 .init_array    0x0000000008005864        0x4 c:/st/stm32cubeide_1.8.0/stm32cubeide/plugins/com.st.stm32cube.ide.mcu.externaltools.gnu-tools-for-stm32.9-2020-q2-update.win32_2.0.0.202105311346/tools/bin/../lib/gcc/arm-none-eabi/9.3.1/thumb/v7e-m+fp/hard/crtbegin.o
                0x0000000008005868                PROVIDE (__init_array_end = .)
                0x0000000008005868                . = ALIGN (0x4)

.fini_array     0x0000000008005868        0x4
                0x0000000008005868                . = ALIGN (0x4)
                [!provide]                        PROVIDE (__fini_array_start = .)
 *(SORT_BY_NAME(.fini_array.*))
 *(.fini_array*)
 .fini_array    0x0000000008005868        0x4 c:/st/stm32cubeide_1.8.0/stm32cubeide/plugins/com.st.stm32cube.ide.mcu.externaltools.gnu-tools-for-stm32.9-2020-q2-update.win32_2.0.0.202105311346/tools/bin/../lib/gcc/arm-none-eabi/9.3.1/thumb/v7e-m+fp/hard/crtbegin.o
                [!provide]                        PROVIDE (__fini_array_end = .)
                0x000000000800586c                . = ALIGN (0x4)
                0x000000000800586c                _sidata = LOADADDR (.data)

.data           0x0000000020000000        0xc load address 0x000000000800586c
                0x0000000020000000                . = ALIGN (0x4)
                0x0000000020000000                _sdata = .
 *(.data)
 *(.data*)
 .data.SystemCoreClock
                0x0000000020000000        0x4 ./Core/Src/system_stm32f4xx.o
                0x0000000020000000                SystemCoreClock
 .data.uwTickPrio
                0x0000000020000004        0x4 ./Drivers/STM32F4xx_HAL_Driver/Src/stm32f4xx_hal.o
                0x0000000020000004                uwTickPrio
 .data.uwTickFreq
                0x0000000020000008        0x1 ./Drivers/STM32F4xx_HAL_Driver/Src/stm32f4xx_hal.o
                0x0000000020000008                uwTickFreq
 .data.Stat     0x0000000020000009        0x1 ./FATFS/Target/sd_diskio.o
 *(.RamFunc)
 *(.RamFunc*)
                0x000000002000000c                . = ALIGN (0x4)
 *fill*         0x000000002000000a        0x2 
                0x000000002000000c                _edata = .

.igot.plt       0x000000002000000c        0x0 load address 0x0000000008005878
 .igot.plt      0x000000002000000c        0x0 c:/st/stm32cubeide_1.8.0/stm32cubeide/plugins/com.st.stm32cube.ide.mcu.externaltools.gnu-tools-for-stm32.9-2020-q2-update.win32_2.0.0.202105311346/tools/bin/../lib/gcc/arm-none-eabi/9.3.1/thumb/v7e-m+fp/hard/crtbegin.o
                0x000000002000000c                . = ALIGN (0x4)

.bss            0x000000002000000c      0x540 load address 0x0000000008005878
                0x000000002000000c                _sbss = .
                0x000000002000000c                __bss_start__ = _sbss
 *(.bss)
 .bss           0x000000002000000c       0x1c c:/st/stm32cubeide_1.8.0/stm32cubeide/plugins/com.st.stm32cube.ide.mcu.externaltools.gnu-tools-for-stm32.9-2020-q2-update.win32_2.0.0.202105311346/tools/bin/../lib/gcc/arm-none-eabi/9.3.1/thumb/v7e-m+fp/hard/crtbegin.o
 *(.bss*)
 .bss.FatFs     0x0000000020000028        0x4 ./Middlewares/Third_Party/FatFs/src/ff.o
 .bss.Fsid      0x000000002000002c        0x2 ./Middlewares/Third_Party/FatFs/src/ff.o
 *fill*         0x000000002000002e        0x2 
 .bss.Files     0x0000000020000030       0x20 ./Middlewares/Third_Party/FatFs/src/ff.o
 .bss.disk      0x0000000020000050        0xc ./Middlewares/Third_Party/FatFs/src/ff_gen_drv.o
                0x0000000020000050                disk
 *(COMMON)
 COMMON         0x000000002000005c       0x84 ./Core/Src/main.o
                0x000000002000005c                hsd
 COMMON         0x00000000200000e0        0x4 ./Drivers/STM32F4xx_HAL_Driver/Src/stm32f4xx_hal.o
                0x00000000200000e0                uwTick
 COMMON         0x00000000200000e4      0x468 ./FATFS/App/fatfs.o
                0x00000000200000e4                retSD
                0x00000000200000e8                SDPath
                0x00000000200000ec                SDFile
                0x000000002000031c                SDFatFS
                0x000000002000054c                . = ALIGN (0x4)
                0x000000002000054c                _ebss = .
                0x000000002000054c                __bss_end__ = _ebss

._user_heap_stack
                0x000000002000054c      0x604 load address 0x0000000008005878
                0x0000000020000550                . = ALIGN (0x8)
 *fill*         0x000000002000054c        0x4 
                [!provide]                        PROVIDE (end = .)
                0x0000000020000550                PROVIDE (_end = .)
                0x0000000020000750                . = (. + _Min_Heap_Size)
 *fill*         0x0000000020000550      0x200 
                0x0000000020000b50                . = (. + _Min_Stack_Size)
 *fill*         0x0000000020000750      0x400 
                0x0000000020000b50                . = ALIGN (0x8)

/DISCARD/
 libc.a(*)
 libm.a(*)
 libgcc.a(*)

.ARM.attributes
                0x0000000000000000       0x30
 *(.ARM.attributes)
 .ARM.attributes
                0x0000000000000000       0x1e c:/st/stm32cubeide_1.8.0/stm32cubeide/plugins/com.st.stm32cube.ide.mcu.externaltools.gnu-tools-for-stm32.9-2020-q2-update.win32_2.0.0.202105311346/tools/bin/../lib/gcc/arm-none-eabi/9.3.1/thumb/v7e-m+fp/hard/crti.o
 .ARM.attributes
                0x000000000000001e       0x34 c:/st/stm32cubeide_1.8.0/stm32cubeide/plugins/com.st.stm32cube.ide.mcu.externaltools.gnu-tools-for-stm32.9-2020-q2-update.win32_2.0.0.202105311346/tools/bin/../lib/gcc/arm-none-eabi/9.3.1/thumb/v7e-m+fp/hard/crtbegin.o
 .ARM.attributes
                0x0000000000000052       0x34 ./Application/Src/app_main.o
 .ARM.attributes
                0x0000000000000086       0x34 ./Core/Src/main.o
 .ARM.attributes
                0x00000000000000ba       0x34 ./Core/Src/stm32f4xx_hal_msp.o
 .ARM.attributes
                0x00000000000000ee       0x34 ./Core/Src/stm32f4xx_it.o
 .ARM.attributes
                0x0000000000000122       0x34 ./Core/Src/system_stm32f4xx.o
 .ARM.attributes
                0x0000000000000156       0x21 ./Core/Startup/startup_stm32f411ceux.o
 .ARM.attributes
                0x0000000000000177       0x34 ./Drivers/STM32F4xx_HAL_Driver/Src/stm32f4xx_hal.o
 .ARM.attributes
                0x00000000000001ab       0x34 ./Drivers/STM32F4xx_HAL_Driver/Src/stm32f4xx_hal_cortex.o
 .ARM.attributes
                0x00000000000001df       0x34 ./Drivers/STM32F4xx_HAL_Driver/Src/stm32f4xx_hal_gpio.o
 .ARM.attributes
                0x0000000000000213       0x34 ./Drivers/STM32F4xx_HAL_Driver/Src/stm32f4xx_hal_rcc.o
 .ARM.attributes
                0x0000000000000247       0x34 ./Drivers/STM32F4xx_HAL_Driver/Src/stm32f4xx_hal_sd.o
 .ARM.attributes
                0x000000000000027b       0x34 ./Drivers/STM32F4xx_HAL_Driver/Src/stm32f4xx_ll_sdmmc.o
 .ARM.attributes
                0x00000000000002af       0x34 ./FATFS/App/fatfs.o
 .ARM.attributes
                0x00000000000002e3       0x34 ./FATFS/Target/bsp_driver_sd.o
 .ARM.attributes
                0x0000000000000317       0x34 ./FATFS/Target/sd_diskio.o
 .ARM.attributes
                0x000000000000034b       0x34 ./Middlewares/Third_Party/FatFs/src/diskio.o
 .ARM.attributes
                0x000000000000037f       0x34 ./Middlewares/Third_Party/FatFs/src/ff.o
 .ARM.attributes
                0x00000000000003b3       0x34 ./Middlewares/Third_Party/FatFs/src/ff_gen_drv.o
 .ARM.attributes
                0x00000000000003e7       0x34 c:/st/stm32cubeide_1.8.0/stm32cubeide/plugins/com.st.stm32cube.ide.mcu.externaltools.gnu-tools-for-stm32.9-2020-q2-update.win32_2.0.0.202105311346/tools/bin/../lib/gcc/arm-none-eabi/9.3.1/../../../../arm-none-eabi/lib/thumb/v7e-m+fp/hard\libc_nano.a(lib_a-init.o)
 .ARM.attributes
                0x000000000000041b       0x34 c:/st/stm32cubeide_1.8.0/stm32cubeide/plugins/com.st.stm32cube.ide.mcu.externaltools.gnu-tools-for-stm32.9-2020-q2-update.win32_2.0.0.202105311346/tools/bin/../lib/gcc/arm-none-eabi/9.3.1/../../../../arm-none-eabi/lib/thumb/v7e-m+fp/hard\libc_nano.a(lib_a-memset.o)
 .ARM.attributes
                0x000000000000044f       0x1e c:/st/stm32cubeide_1.8.0/stm32cubeide/plugins/com.st.stm32cube.ide.mcu.externaltools.gnu-tools-for-stm32.9-2020-q2-update.win32_2.0.0.202105311346/tools/bin/../lib/gcc/arm-none-eabi/9.3.1/thumb/v7e-m+fp/hard\libgcc.a(_aeabi_uldivmod.o)
 .ARM.attributes
                0x000000000000046d       0x34 c:/st/stm32cubeide_1.8.0/stm32cubeide/plugins/com.st.stm32cube.ide.mcu.externaltools.gnu-tools-for-stm32.9-2020-q2-update.win32_2.0.0.202105311346/tools/bin/../lib/gcc/arm-none-eabi/9.3.1/thumb/v7e-m+fp/hard\libgcc.a(_udivmoddi4.o)
 .ARM.attributes
                0x00000000000004a1       0x1e c:/st/stm32cubeide_1.8.0/stm32cubeide/plugins/com.st.stm32cube.ide.mcu.externaltools.gnu-tools-for-stm32.9-2020-q2-update.win32_2.0.0.202105311346/tools/bin/../lib/gcc/arm-none-eabi/9.3.1/thumb/v7e-m+fp/hard\libgcc.a(_dvmd_tls.o)
 .ARM.attributes
                0x00000000000004bf       0x1e c:/st/stm32cubeide_1.8.0/stm32cubeide/plugins/com.st.stm32cube.ide.mcu.externaltools.gnu-tools-for-stm32.9-2020-q2-update.win32_2.0.0.202105311346/tools/bin/../lib/gcc/arm-none-eabi/9.3.1/thumb/v7e-m+fp/hard/crtn.o
OUTPUT(sd-card-turbodrivers.elf elf32-littlearm)
LOAD linker stubs
LOAD c:/st/stm32cubeide_1.8.0/stm32cubeide/plugins/com.st.stm32cube.ide.mcu.externaltools.gnu-tools-for-stm32.9-2020-q2-update.win32_2.0.0.202105311346/tools/bin/../lib/gcc/arm-none-eabi/9.3.1/../../../../arm-none-eabi/lib/thumb/v7e-m+fp/hard\libc.a
LOAD c:/st/stm32cubeide_1.8.0/stm32cubeide/plugins/com.st.stm32cube.ide.mcu.externaltools.gnu-tools-for-stm32.9-2020-q2-update.win32_2.0.0.202105311346/tools/bin/../lib/gcc/arm-none-eabi/9.3.1/../../../../arm-none-eabi/lib/thumb/v7e-m+fp/hard\libm.a
LOAD c:/st/stm32cubeide_1.8.0/stm32cubeide/plugins/com.st.stm32cube.ide.mcu.externaltools.gnu-tools-for-stm32.9-2020-q2-update.win32_2.0.0.202105311346/tools/bin/../lib/gcc/arm-none-eabi/9.3.1/thumb/v7e-m+fp/hard\libgcc.a

.debug_info     0x0000000000000000    0x1009c
 .debug_info    0x0000000000000000      0xf3c ./Application/Src/app_main.o
 .debug_info    0x0000000000000f3c     0x188a ./Core/Src/main.o
 .debug_info    0x00000000000027c6      0xb6f ./Core/Src/stm32f4xx_hal_msp.o
 .debug_info    0x0000000000003335      0x222 ./Core/Src/stm32f4xx_it.o
 .debug_info    0x0000000000003557      0x5d0 ./Core/Src/system_stm32f4xx.o
 .debug_info    0x0000000000003b27       0x22 ./Core/Startup/startup_stm32f411ceux.o
 .debug_info    0x0000000000003b49      0x944 ./Drivers/STM32F4xx_HAL_Driver/Src/stm32f4xx_hal.o
 .debug_info    0x000000000000448d      0xe47 ./Drivers/STM32F4xx_HAL_Driver/Src/stm32f4xx_hal_cortex.o
 .debug_info    0x00000000000052d4      0x862 ./Drivers/STM32F4xx_HAL_Driver/Src/stm32f4xx_hal_gpio.o
 .debug_info    0x0000000000005b36      0x9be ./Drivers/STM32F4xx_HAL_Driver/Src/stm32f4xx_hal_rcc.o
 .debug_info    0x00000000000064f4     0x1a5e ./Drivers/STM32F4xx_HAL_Driver/Src/stm32f4xx_hal_sd.o
 .debug_info    0x0000000000007f52     0x1249 ./Drivers/STM32F4xx_HAL_Driver/Src/stm32f4xx_ll_sdmmc.o
 .debug_info    0x000000000000919b      0xe69 ./FATFS/App/fatfs.o
 .debug_info    0x000000000000a004      0xade ./FATFS/Target/bsp_driver_sd.o
 .debug_info    0x000000000000aae2      0xde7 ./FATFS/Target/sd_diskio.o
 .debug_info    0x000000000000b8c9      0xda8 ./Middlewares/Third_Party/FatFs/src/diskio.o
 .debug_info    0x000000000000c671     0x2cf2 ./Middlewares/Third_Party/FatFs/src/ff.o
 .debug_info    0x000000000000f363      0xd39 ./Middlewares/Third_Party/FatFs/src/ff_gen_drv.o

.debug_abbrev   0x0000000000000000     0x24ec
 .debug_abbrev  0x0000000000000000      0x214 ./Application/Src/app_main.o
 .debug_abbrev  0x0000000000000214      0x2b3 ./Core/Src/main.o
 .debug_abbrev  0x00000000000004c7      0x1ac ./Core/Src/stm32f4xx_hal_msp.o
 .debug_abbrev  0x0000000000000673       0xd2 ./Core/Src/stm32f4xx_it.o
 .debug_abbrev  0x0000000000000745      0x145 ./Core/Src/system_stm32f4xx.o
 .debug_abbrev  0x000000000000088a       0x12 ./Core/Startup/startup_stm32f411ceux.o
 .debug_abbrev  0x000000000000089c      0x21e ./Drivers/STM32F4xx_HAL_Driver/Src/stm32f4xx_hal.o
 .debug_abbrev  0x0000000000000aba      0x33c ./Drivers/STM32F4xx_HAL_Driver/Src/stm32f4xx_hal_cortex.o
 .debug_abbrev  0x0000000000000df6      0x1f1 ./Drivers/STM32F4xx_HAL_Driver/Src/stm32f4xx_hal_gpio.o
 .debug_abbrev  0x0000000000000fe7      0x275 ./Drivers/STM32F4xx_HAL_Driver/Src/stm32f4xx_hal_rcc.o
 .debug_abbrev  0x000000000000125c      0x26d ./Drivers/STM32F4xx_HAL_Driver/Src/stm32f4xx_hal_sd.o
 .debug_abbrev  0x00000000000014c9      0x1ec ./Drivers/STM32F4xx_HAL_Driver/Src/stm32f4xx_ll_sdmmc.o
 .debug_abbrev  0x00000000000016b5      0x209 ./FATFS/App/fatfs.o
 .debug_abbrev  0x00000000000018be      0x277 ./FATFS/Target/bsp_driver_sd.o
 .debug_abbrev  0x0000000000001b35      0x228 ./FATFS/Target/sd_diskio.o
 .debug_abbrev  0x0000000000001d5d      0x237 ./Middlewares/Third_Party/FatFs/src/diskio.o
 .debug_abbrev  0x0000000000001f94      0x2f0 ./Middlewares/Third_Party/FatFs/src/ff.o
 .debug_abbrev  0x0000000000002284      0x268 ./Middlewares/Third_Party/FatFs/src/ff_gen_drv.o

.debug_aranges  0x0000000000000000      0xab0
 .debug_aranges
                0x0000000000000000       0x20 ./Application/Src/app_main.o
 .debug_aranges
                0x0000000000000020       0x40 ./Core/Src/main.o
 .debug_aranges
                0x0000000000000060       0x30 ./Core/Src/stm32f4xx_hal_msp.o
 .debug_aranges
                0x0000000000000090       0x60 ./Core/Src/stm32f4xx_it.o
 .debug_aranges
                0x00000000000000f0       0x28 ./Core/Src/system_stm32f4xx.o
 .debug_aranges
                0x0000000000000118       0x28 ./Core/Startup/startup_stm32f411ceux.o
 .debug_aranges
                0x0000000000000140       0xf0 ./Drivers/STM32F4xx_HAL_Driver/Src/stm32f4xx_hal.o
 .debug_aranges
                0x0000000000000230      0x118 ./Drivers/STM32F4xx_HAL_Driver/Src/stm32f4xx_hal_cortex.o
 .debug_aranges
                0x0000000000000348       0x58 ./Drivers/STM32F4xx_HAL_Driver/Src/stm32f4xx_hal_gpio.o
 .debug_aranges
                0x00000000000003a0       0x88 ./Drivers/STM32F4xx_HAL_Driver/Src/stm32f4xx_hal_rcc.o
 .debug_aranges
                0x0000000000000428      0x168 ./Drivers/STM32F4xx_HAL_Driver/Src/stm32f4xx_hal_sd.o
 .debug_aranges
                0x0000000000000590      0x180 ./Drivers/STM32F4xx_HAL_Driver/Src/stm32f4xx_ll_sdmmc.o
 .debug_aranges
                0x0000000000000710       0x28 ./FATFS/App/fatfs.o
 .debug_aranges
                0x0000000000000738       0xa0 ./FATFS/Target/bsp_driver_sd.o
 .debug_aranges
                0x00000000000007d8       0x48 ./FATFS/Target/sd_diskio.o
 .debug_aranges
                0x0000000000000820       0x48 ./Middlewares/Third_Party/FatFs/src/diskio.o
 .debug_aranges
                0x0000000000000868      0x208 ./Middlewares/Third_Party/FatFs/src/ff.o
 .debug_aranges
                0x0000000000000a70       0x40 ./Middlewares/Third_Party/FatFs/src/ff_gen_drv.o

.debug_ranges   0x0000000000000000      0x998
 .debug_ranges  0x0000000000000000       0x10 ./Application/Src/app_main.o
 .debug_ranges  0x0000000000000010       0x30 ./Core/Src/main.o
 .debug_ranges  0x0000000000000040       0x20 ./Core/Src/stm32f4xx_hal_msp.o
 .debug_ranges  0x0000000000000060       0x50 ./Core/Src/stm32f4xx_it.o
 .debug_ranges  0x00000000000000b0       0x18 ./Core/Src/system_stm32f4xx.o
 .debug_ranges  0x00000000000000c8       0x20 ./Core/Startup/startup_stm32f411ceux.o
 .debug_ranges  0x00000000000000e8       0xe0 ./Drivers/STM32F4xx_HAL_Driver/Src/stm32f4xx_hal.o
 .debug_ranges  0x00000000000001c8      0x108 ./Drivers/STM32F4xx_HAL_Driver/Src/stm32f4xx_hal_cortex.o
 .debug_ranges  0x00000000000002d0       0x48 ./Drivers/STM32F4xx_HAL_Driver/Src/stm32f4xx_hal_gpio.o
 .debug_ranges  0x0000000000000318       0x78 ./Drivers/STM32F4xx_HAL_Driver/Src/stm32f4xx_hal_rcc.o
 .debug_ranges  0x0000000000000390      0x158 ./Drivers/STM32F4xx_HAL_Driver/Src/stm32f4xx_hal_sd.o
 .debug_ranges  0x00000000000004e8      0x170 ./Drivers/STM32F4xx_HAL_Driver/Src/stm32f4xx_ll_sdmmc.o
 .debug_ranges  0x0000000000000658       0x18 ./FATFS/App/fatfs.o
 .debug_ranges  0x0000000000000670       0x90 ./FATFS/Target/bsp_driver_sd.o
 .debug_ranges  0x0000000000000700       0x38 ./FATFS/Target/sd_diskio.o
 .debug_ranges  0x0000000000000738       0x38 ./Middlewares/Third_Party/FatFs/src/diskio.o
 .debug_ranges  0x0000000000000770      0x1f8 ./Middlewares/Third_Party/FatFs/src/ff.o
 .debug_ranges  0x0000000000000968       0x30 ./Middlewares/Third_Party/FatFs/src/ff_gen_drv.o

.debug_macro    0x0000000000000000    0x1758a
 .debug_macro   0x0000000000000000      0x301 ./Application/Src/app_main.o
 .debug_macro   0x0000000000000301      0xaa8 ./Application/Src/app_main.o
 .debug_macro   0x0000000000000da9      0x295 ./Application/Src/app_main.o
 .debug_macro   0x000000000000103e       0x2e ./Application/Src/app_main.o
 .debug_macro   0x000000000000106c       0x28 ./Application/Src/app_main.o
 .debug_macro   0x0000000000001094       0x22 ./Application/Src/app_main.o
 .debug_macro   0x00000000000010b6       0x8e ./Application/Src/app_main.o
 .debug_macro   0x0000000000001144       0x51 ./Application/Src/app_main.o
 .debug_macro   0x0000000000001195      0x103 ./Application/Src/app_main.o
 .debug_macro   0x0000000000001298       0x6a ./Application/Src/app_main.o
 .debug_macro   0x0000000000001302      0x1df ./Application/Src/app_main.o
 .debug_macro   0x00000000000014e1       0x1c ./Application/Src/app_main.o
 .debug_macro   0x00000000000014fd       0x22 ./Application/Src/app_main.o
 .debug_macro   0x000000000000151f       0xdf ./Application/Src/app_main.o
 .debug_macro   0x00000000000015fe     0x102d ./Application/Src/app_main.o
 .debug_macro   0x000000000000262b      0x11f ./Application/Src/app_main.o
 .debug_macro   0x000000000000274a     0xb953 ./Application/Src/app_main.o
 .debug_macro   0x000000000000e09d       0x6d ./Application/Src/app_main.o
 .debug_macro   0x000000000000e10a     0x3666 ./Application/Src/app_main.o
 .debug_macro   0x0000000000011770      0x174 ./Application/Src/app_main.o
 .debug_macro   0x00000000000118e4       0x5c ./Application/Src/app_main.o
 .debug_macro   0x0000000000011940      0x447 ./Application/Src/app_main.o
 .debug_macro   0x0000000000011d87      0x9fe ./Application/Src/app_main.o
 .debug_macro   0x0000000000012785      0x116 ./Application/Src/app_main.o
 .debug_macro   0x000000000001289b      0x11b ./Application/Src/app_main.o
 .debug_macro   0x00000000000129b6       0xa5 ./Application/Src/app_main.o
 .debug_macro   0x0000000000012a5b      0x15f ./Application/Src/app_main.o
 .debug_macro   0x0000000000012bba      0x287 ./Application/Src/app_main.o
 .debug_macro   0x0000000000012e41       0x5f ./Application/Src/app_main.o
 .debug_macro   0x0000000000012ea0      0x236 ./Application/Src/app_main.o
 .debug_macro   0x00000000000130d6      0x132 ./Application/Src/app_main.o
 .debug_macro   0x0000000000013208      0x264 ./Application/Src/app_main.o
 .debug_macro   0x000000000001346c       0x2e ./Application/Src/app_main.o
 .debug_macro   0x000000000001349a      0x11a ./Application/Src/app_main.o
 .debug_macro   0x00000000000135b4       0x85 ./Application/Src/app_main.o
 .debug_macro   0x0000000000013639       0x89 ./Application/Src/app_main.o
 .debug_macro   0x00000000000136c2      0x861 ./Application/Src/app_main.o
 .debug_macro   0x0000000000013f23      0x1d5 ./Application/Src/app_main.o
 .debug_macro   0x00000000000140f8      0x126 ./Application/Src/app_main.o
 .debug_macro   0x000000000001421e       0x3a ./Application/Src/app_main.o
 .debug_macro   0x0000000000014258       0xe5 ./Application/Src/app_main.o
 .debug_macro   0x000000000001433d       0x18 ./Application/Src/app_main.o
 .debug_macro   0x0000000000014355       0x52 ./Application/Src/app_main.o
 .debug_macro   0x00000000000143a7       0x3c ./Application/Src/app_main.o
 .debug_macro   0x00000000000143e3       0x34 ./Application/Src/app_main.o
 .debug_macro   0x0000000000014417       0x16 ./Application/Src/app_main.o
 .debug_macro   0x000000000001442d       0x35 ./Application/Src/app_main.o
 .debug_macro   0x0000000000014462       0x16 ./Application/Src/app_main.o
 .debug_macro   0x0000000000014478       0x43 ./Application/Src/app_main.o
 .debug_macro   0x00000000000144bb       0x34 ./Application/Src/app_main.o
 .debug_macro   0x00000000000144ef       0x10 ./Application/Src/app_main.o
 .debug_macro   0x00000000000144ff       0x58 ./Application/Src/app_main.o
 .debug_macro   0x0000000000014557       0x71 ./Application/Src/app_main.o
 .debug_macro   0x00000000000145c8       0x1c ./Application/Src/app_main.o
 .debug_macro   0x00000000000145e4      0x12a ./Application/Src/app_main.o
 .debug_macro   0x000000000001470e      0x333 ./Application/Src/app_main.o
 .debug_macro   0x0000000000014a41       0x16 ./Application/Src/app_main.o
 .debug_macro   0x0000000000014a57       0x29 ./Application/Src/app_main.o
 .debug_macro   0x0000000000014a80       0x12 ./Application/Src/app_main.o
 .debug_macro   0x0000000000014a92       0xe2 ./Application/Src/app_main.o
 .debug_macro   0x0000000000014b74       0x8e ./Application/Src/app_main.o
 .debug_macro   0x0000000000014c02      0x301 ./Core/Src/main.o
 .debug_macro   0x0000000000014f03      0x1d3 ./Core/Src/stm32f4xx_hal_msp.o
 .debug_macro   0x00000000000150d6      0x1dd ./Core/Src/stm32f4xx_it.o
 .debug_macro   0x00000000000152b3      0x1c9 ./Core/Src/system_stm32f4xx.o
 .debug_macro   0x000000000001547c      0x229 ./Drivers/STM32F4xx_HAL_Driver/Src/stm32f4xx_hal.o
 .debug_macro   0x00000000000156a5      0x1c9 ./Drivers/STM32F4xx_HAL_Driver/Src/stm32f4xx_hal_cortex.o
 .debug_macro   0x000000000001586e      0x1cf ./Drivers/STM32F4xx_HAL_Driver/Src/stm32f4xx_hal_gpio.o
 .debug_macro   0x0000000000015a3d      0x1ed ./Drivers/STM32F4xx_HAL_Driver/Src/stm32f4xx_hal_rcc.o
 .debug_macro   0x0000000000015c2a      0x1ca ./Drivers/STM32F4xx_HAL_Driver/Src/stm32f4xx_hal_sd.o
 .debug_macro   0x0000000000015df4      0x1ca ./Drivers/STM32F4xx_HAL_Driver/Src/stm32f4xx_ll_sdmmc.o
 .debug_macro   0x0000000000015fbe      0x301 ./FATFS/App/fatfs.o
 .debug_macro   0x00000000000162bf      0x1d8 ./FATFS/Target/bsp_driver_sd.o
 .debug_macro   0x0000000000016497       0x34 ./FATFS/Target/bsp_driver_sd.o
 .debug_macro   0x00000000000164cb      0x304 ./FATFS/Target/sd_diskio.o
 .debug_macro   0x00000000000167cf       0x16 ./FATFS/Target/sd_diskio.o
 .debug_macro   0x00000000000167e5       0x7c ./FATFS/Target/sd_diskio.o
 .debug_macro   0x0000000000016861      0x2ee ./Middlewares/Third_Party/FatFs/src/diskio.o
 .debug_macro   0x0000000000016b4f      0x6f5 ./Middlewares/Third_Party/FatFs/src/ff.o
 .debug_macro   0x0000000000017244       0x58 ./Middlewares/Third_Party/FatFs/src/ff.o
 .debug_macro   0x000000000001729c      0x2ee ./Middlewares/Third_Party/FatFs/src/ff_gen_drv.o

.debug_line     0x0000000000000000     0xe390
 .debug_line    0x0000000000000000      0x8b6 ./Application/Src/app_main.o
 .debug_line    0x00000000000008b6      0x962 ./Core/Src/main.o
 .debug_line    0x0000000000001218      0x70a ./Core/Src/stm32f4xx_hal_msp.o
 .debug_line    0x0000000000001922      0x76e ./Core/Src/stm32f4xx_it.o
 .debug_line    0x0000000000002090      0x72d ./Core/Src/system_stm32f4xx.o
 .debug_line    0x00000000000027bd       0x88 ./Core/Startup/startup_stm32f411ceux.o
 .debug_line    0x0000000000002845      0x993 ./Drivers/STM32F4xx_HAL_Driver/Src/stm32f4xx_hal.o
 .debug_line    0x00000000000031d8      0xc42 ./Drivers/STM32F4xx_HAL_Driver/Src/stm32f4xx_hal_cortex.o
 .debug_line    0x0000000000003e1a      0xacd ./Drivers/STM32F4xx_HAL_Driver/Src/stm32f4xx_hal_gpio.o
 .debug_line    0x00000000000048e7      0xd0d ./Drivers/STM32F4xx_HAL_Driver/Src/stm32f4xx_hal_rcc.o
 .debug_line    0x00000000000055f4     0x1dbf ./Drivers/STM32F4xx_HAL_Driver/Src/stm32f4xx_hal_sd.o
 .debug_line    0x00000000000073b3      0xefe ./Drivers/STM32F4xx_HAL_Driver/Src/stm32f4xx_ll_sdmmc.o
 .debug_line    0x00000000000082b1      0x8aa ./FATFS/App/fatfs.o
 .debug_line    0x0000000000008b5b      0x870 ./FATFS/Target/bsp_driver_sd.o
 .debug_line    0x00000000000093cb      0x98e ./FATFS/Target/sd_diskio.o
 .debug_line    0x0000000000009d59      0x91b ./Middlewares/Third_Party/FatFs/src/diskio.o
 .debug_line    0x000000000000a674     0x33e3 ./Middlewares/Third_Party/FatFs/src/ff.o
 .debug_line    0x000000000000da57      0x939 ./Middlewares/Third_Party/FatFs/src/ff_gen_drv.o

.debug_str      0x0000000000000000    0x895cd
 .debug_str     0x0000000000000000    0x85d66 ./Application/Src/app_main.o
                                      0x860b6 (size before relaxing)
 .debug_str     0x0000000000085d66      0x6a0 ./Core/Src/main.o
                                      0x8667d (size before relaxing)
 .debug_str     0x0000000000086406       0xbf ./Core/Src/stm32f4xx_hal_msp.o
                                      0x82a62 (size before relaxing)
 .debug_str     0x00000000000864c5       0xbd ./Core/Src/stm32f4xx_it.o
                                      0x824ba (size before relaxing)
 .debug_str     0x0000000000086582       0xaf ./Core/Src/system_stm32f4xx.o
                                      0x825b0 (size before relaxing)
 .debug_str     0x0000000000086631       0x36 ./Core/Startup/startup_stm32f411ceux.o
                                         0x63 (size before relaxing)
 .debug_str     0x0000000000086667      0x914 ./Drivers/STM32F4xx_HAL_Driver/Src/stm32f4xx_hal.o
                                      0x82f3a (size before relaxing)
 .debug_str     0x0000000000086f7b      0x399 ./Drivers/STM32F4xx_HAL_Driver/Src/stm32f4xx_hal_cortex.o
                                      0x82d17 (size before relaxing)
 .debug_str     0x0000000000087314      0x17b ./Drivers/STM32F4xx_HAL_Driver/Src/stm32f4xx_hal_gpio.o
                                      0x82757 (size before relaxing)
 .debug_str     0x000000000008748f      0x259 ./Drivers/STM32F4xx_HAL_Driver/Src/stm32f4xx_hal_rcc.o
                                      0x829b2 (size before relaxing)
 .debug_str     0x00000000000876e8      0x6f1 ./Drivers/STM32F4xx_HAL_Driver/Src/stm32f4xx_hal_sd.o
                                      0x8309f (size before relaxing)
 .debug_str     0x0000000000087dd9      0x44a ./Drivers/STM32F4xx_HAL_Driver/Src/stm32f4xx_ll_sdmmc.o
                                      0x82a2b (size before relaxing)
 .debug_str     0x0000000000088223       0x2f ./FATFS/App/fatfs.o
                                      0x85f6b (size before relaxing)
 .debug_str     0x0000000000088252      0x164 ./FATFS/Target/bsp_driver_sd.o
                                      0x82b7f (size before relaxing)
 .debug_str     0x00000000000883b6       0xa0 ./FATFS/Target/sd_diskio.o
                                      0x85f58 (size before relaxing)
 .debug_str     0x0000000000088456       0x57 ./Middlewares/Third_Party/FatFs/src/diskio.o
                                      0x85e97 (size before relaxing)
 .debug_str     0x00000000000884ad     0x107e ./Middlewares/Third_Party/FatFs/src/ff.o
                                      0x870bc (size before relaxing)
 .debug_str     0x000000000008952b       0xa2 ./Middlewares/Third_Party/FatFs/src/ff_gen_drv.o
                                      0x85ee8 (size before relaxing)

.comment        0x0000000000000000       0x53
 .comment       0x0000000000000000       0x53 ./Application/Src/app_main.o
                                         0x54 (size before relaxing)
 .comment       0x0000000000000053       0x54 ./Core/Src/main.o
 .comment       0x0000000000000053       0x54 ./Core/Src/stm32f4xx_hal_msp.o
 .comment       0x0000000000000053       0x54 ./Core/Src/stm32f4xx_it.o
 .comment       0x0000000000000053       0x54 ./Core/Src/system_stm32f4xx.o
 .comment       0x0000000000000053       0x54 ./Drivers/STM32F4xx_HAL_Driver/Src/stm32f4xx_hal.o
 .comment       0x0000000000000053       0x54 ./Drivers/STM32F4xx_HAL_Driver/Src/stm32f4xx_hal_cortex.o
 .comment       0x0000000000000053       0x54 ./Drivers/STM32F4xx_HAL_Driver/Src/stm32f4xx_hal_gpio.o
 .comment       0x0000000000000053       0x54 ./Drivers/STM32F4xx_HAL_Driver/Src/stm32f4xx_hal_rcc.o
 .comment       0x0000000000000053       0x54 ./Drivers/STM32F4xx_HAL_Driver/Src/stm32f4xx_hal_sd.o
 .comment       0x0000000000000053       0x54 ./Drivers/STM32F4xx_HAL_Driver/Src/stm32f4xx_ll_sdmmc.o
 .comment       0x0000000000000053       0x54 ./FATFS/App/fatfs.o
 .comment       0x0000000000000053       0x54 ./FATFS/Target/bsp_driver_sd.o
 .comment       0x0000000000000053       0x54 ./FATFS/Target/sd_diskio.o
 .comment       0x0000000000000053       0x54 ./Middlewares/Third_Party/FatFs/src/diskio.o
 .comment       0x0000000000000053       0x54 ./Middlewares/Third_Party/FatFs/src/ff.o
 .comment       0x0000000000000053       0x54 ./Middlewares/Third_Party/FatFs/src/ff_gen_drv.o

.debug_frame    0x0000000000000000     0x2a3c
 .debug_frame   0x0000000000000000       0x38 ./Application/Src/app_main.o
 .debug_frame   0x0000000000000038       0xb0 ./Core/Src/main.o
 .debug_frame   0x00000000000000e8       0x80 ./Core/Src/stm32f4xx_hal_msp.o
 .debug_frame   0x0000000000000168      0x104 ./Core/Src/stm32f4xx_it.o
 .debug_frame   0x000000000000026c       0x58 ./Core/Src/system_stm32f4xx.o
 .debug_frame   0x00000000000002c4      0x374 ./Drivers/STM32F4xx_HAL_Driver/Src/stm32f4xx_hal.o
 .debug_frame   0x0000000000000638      0x498 ./Drivers/STM32F4xx_HAL_Driver/Src/stm32f4xx_hal_cortex.o
 .debug_frame   0x0000000000000ad0      0x14c ./Drivers/STM32F4xx_HAL_Driver/Src/stm32f4xx_hal_gpio.o
 .debug_frame   0x0000000000000c1c      0x1ec ./Drivers/STM32F4xx_HAL_Driver/Src/stm32f4xx_hal_rcc.o
 .debug_frame   0x0000000000000e08      0x650 ./Drivers/STM32F4xx_HAL_Driver/Src/stm32f4xx_hal_sd.o
 .debug_frame   0x0000000000001458      0x6a8 ./Drivers/STM32F4xx_HAL_Driver/Src/stm32f4xx_ll_sdmmc.o
 .debug_frame   0x0000000000001b00       0x4c ./FATFS/App/fatfs.o
 .debug_frame   0x0000000000001b4c      0x25c ./FATFS/Target/bsp_driver_sd.o
 .debug_frame   0x0000000000001da8       0xe8 ./FATFS/Target/sd_diskio.o
 .debug_frame   0x0000000000001e90       0xec ./Middlewares/Third_Party/FatFs/src/diskio.o
 .debug_frame   0x0000000000001f7c      0x94c ./Middlewares/Third_Party/FatFs/src/ff.o
 .debug_frame   0x00000000000028c8       0xc8 ./Middlewares/Third_Party/FatFs/src/ff_gen_drv.o
 .debug_frame   0x0000000000002990       0x2c c:/st/stm32cubeide_1.8.0/stm32cubeide/plugins/com.st.stm32cube.ide.mcu.externaltools.gnu-tools-for-stm32.9-2020-q2-update.win32_2.0.0.202105311346/tools/bin/../lib/gcc/arm-none-eabi/9.3.1/../../../../arm-none-eabi/lib/thumb/v7e-m+fp/hard\libc_nano.a(lib_a-init.o)
 .debug_frame   0x00000000000029bc       0x20 c:/st/stm32cubeide_1.8.0/stm32cubeide/plugins/com.st.stm32cube.ide.mcu.externaltools.gnu-tools-for-stm32.9-2020-q2-update.win32_2.0.0.202105311346/tools/bin/../lib/gcc/arm-none-eabi/9.3.1/../../../../arm-none-eabi/lib/thumb/v7e-m+fp/hard\libc_nano.a(lib_a-memset.o)
 .debug_frame   0x00000000000029dc       0x2c c:/st/stm32cubeide_1.8.0/stm32cubeide/plugins/com.st.stm32cube.ide.mcu.externaltools.gnu-tools-for-stm32.9-2020-q2-update.win32_2.0.0.202105311346/tools/bin/../lib/gcc/arm-none-eabi/9.3.1/thumb/v7e-m+fp/hard\libgcc.a(_aeabi_uldivmod.o)
 .debug_frame   0x0000000000002a08       0x34 c:/st/stm32cubeide_1.8.0/stm32cubeide/plugins/com.st.stm32cube.ide.mcu.externaltools.gnu-tools-for-stm32.9-2020-q2-update.win32_2.0.0.202105311346/tools/bin/../lib/gcc/arm-none-eabi/9.3.1/thumb/v7e-m+fp/hard\libgcc.a(_udivmoddi4.o)
